// Jest Snapshot v1, https://goo.gl/fbAQLP

exports[`renders correctly 1`] = `
<div>
  <div>
    <h3>
      pending
    </h3>
    <ul
      id="pending-tasks"
    >
      <li>
        <input
          checked={false}
          onClick={[Function]}
          readOnly={true}
          type="checkbox"
        />
        <label>
          Test 1
        </label>
        <button
          onClick={[Function]}
        >
          Edit
        </button>
        <button
          onClick={[Function]}
        >
          Remove
        </button>
      </li>
      <li>
        <input
          checked={false}
          onClick={[Function]}
          readOnly={true}
          type="checkbox"
        />
        <label>
          Test 2
        </label>
        <button
          onClick={[Function]}
        >
          Edit
        </button>
        <button
          onClick={[Function]}
        >
          Remove
        </button>
      </li>
    </ul>
  </div>
</div>
`;
